app/components/layout/Header.tsx(3,22): error TS2307: Cannot find module '@/app/types' or its corresponding type declarations.
app/components/layout/Header.tsx(4,25): error TS2307: Cannot find module '@/app/components/theme/ThemeToggle' or its corresponding type declarations.
app/components/layout/Header.tsx(74,5): error TS17004: Cannot use JSX unless the '--jsx' flag is provided.
app/components/layout/Header.tsx(75,7): error TS17004: Cannot use JSX unless the '--jsx' flag is provided.
app/components/layout/Header.tsx(76,9): error TS17004: Cannot use JSX unless the '--jsx' flag is provided.
app/components/layout/Header.tsx(77,11): error TS17004: Cannot use JSX unless the '--jsx' flag is provided.
app/components/layout/Header.tsx(78,36): error TS17004: Cannot use JSX unless the '--jsx' flag is provided.
app/components/layout/Header.tsx(80,13): error TS17004: Cannot use JSX unless the '--jsx' flag is provided.
app/components/layout/Header.tsx(83,9): error TS17004: Cannot use JSX unless the '--jsx' flag is provided.
app/components/layout/Header.tsx(86,7): error TS17004: Cannot use JSX unless the '--jsx' flag is provided.
app/components/layout/Header.tsx(87,9): error TS17004: Cannot use JSX unless the '--jsx' flag is provided.
app/components/layout/Header.tsx(90,11): error TS17004: Cannot use JSX unless the '--jsx' flag is provided.
app/components/layout/Header.tsx(91,13): error TS17004: Cannot use JSX unless the '--jsx' flag is provided.
app/components/layout/Header.tsx(92,15): error TS17004: Cannot use JSX unless the '--jsx' flag is provided.
app/components/layout/Header.tsx(93,15): error TS17004: Cannot use JSX unless the '--jsx' flag is provided.
app/components/layout/Header.tsx(95,13): error TS17004: Cannot use JSX unless the '--jsx' flag is provided.
app/components/layout/Header.tsx(104,13): error TS17004: Cannot use JSX unless the '--jsx' flag is provided.
app/components/layout/Header.tsx(105,15): error TS17004: Cannot use JSX unless the '--jsx' flag is provided.
app/components/layout/Header.tsx(111,15): error TS17004: Cannot use JSX unless the '--jsx' flag is provided.
node_modules/.pnpm/next@16.0.6_@babel+core@7.2_93f69288f48f055a6d20b711204fdcd7/node_modules/next/dist/build/templates/app-page.d.ts(3,25): error TS2307: Cannot find module 'VAR_MODULE_GLOBAL_ERROR' or its corresponding type declarations.
node_modules/.pnpm/next@16.0.6_@babel+core@7.2_93f69288f48f055a6d20b711204fdcd7/node_modules/next/dist/build/webpack-config.d.ts(10,104): error TS2694: Namespace '"C:/Users/asnoi/Downloads/team-mang-role-based-auth/node_modules/.pnpm/next@16.0.6_@babel+core@7.2_93f69288f48f055a6d20b711204fdcd7/node_modules/next/dist/compiled/webpack/webpack".webpack' has no exported member 'RuleSetUseItem'.
node_modules/.pnpm/next@16.0.6_@babel+core@7.2_93f69288f48f055a6d20b711204fdcd7/node_modules/next/dist/build/webpack/loaders/next-app-loader/index.d.ts(1,13): error TS2613: Module '"C:/Users/asnoi/Downloads/team-mang-role-based-auth/node_modules/.pnpm/next@16.0.6_@babel+core@7.2_93f69288f48f055a6d20b711204fdcd7/node_modules/next/dist/compiled/webpack/webpack"' has no default export. Did you mean to use 'import { webpack } from "C:/Users/asnoi/Downloads/team-mang-role-based-auth/node_modules/.pnpm/next@16.0.6_@babel+core@7.2_93f69288f48f055a6d20b711204fdcd7/node_modules/next/dist/compiled/webpack/webpack"' instead?
node_modules/.pnpm/next@16.0.6_@babel+core@7.2_93f69288f48f055a6d20b711204fdcd7/node_modules/next/dist/client/components/error-boundary.d.ts(1,8): error TS1259: Module '"C:/Users/asnoi/Downloads/team-mang-role-based-auth/node_modules/.pnpm/@types+react@19.2.7/node_modules/@types/react/index"' can only be default-imported using the 'esModuleInterop' flag
node_modules/.pnpm/next@16.0.6_@babel+core@7.2_93f69288f48f055a6d20b711204fdcd7/node_modules/next/dist/client/components/http-access-fallback/error-boundary.d.ts(11,8): error TS1259: Module '"C:/Users/asnoi/Downloads/team-mang-role-based-auth/node_modules/.pnpm/@types+react@19.2.7/node_modules/@types/react/index"' can only be default-imported using the 'esModuleInterop' flag
node_modules/.pnpm/next@16.0.6_@babel+core@7.2_93f69288f48f055a6d20b711204fdcd7/node_modules/next/dist/client/components/layout-router.d.ts(2,8): error TS1259: Module '"C:/Users/asnoi/Downloads/team-mang-role-based-auth/node_modules/.pnpm/@types+react@19.2.7/node_modules/@types/react/index"' can only be default-imported using the 'esModuleInterop' flag
node_modules/.pnpm/next@16.0.6_@babel+core@7.2_93f69288f48f055a6d20b711204fdcd7/node_modules/next/dist/client/link.d.ts(1,8): error TS1259: Module '"C:/Users/asnoi/Downloads/team-mang-role-based-auth/node_modules/.pnpm/@types+react@19.2.7/node_modules/@types/react/index"' can only be default-imported using the 'esModuleInterop' flag
node_modules/.pnpm/next@16.0.6_@babel+core@7.2_93f69288f48f055a6d20b711204fdcd7/node_modules/next/dist/client/with-router.d.ts(1,8): error TS1259: Module '"C:/Users/asnoi/Downloads/team-mang-role-based-auth/node_modules/.pnpm/@types+react@19.2.7/node_modules/@types/react/index"' can only be default-imported using the 'esModuleInterop' flag
node_modules/.pnpm/next@16.0.6_@babel+core@7.2_93f69288f48f055a6d20b711204fdcd7/node_modules/next/dist/lib/metadata/metadata.d.ts(1,8): error TS1259: Module '"C:/Users/asnoi/Downloads/team-mang-role-based-auth/node_modules/.pnpm/@types+react@19.2.7/node_modules/@types/react/index"' can only be default-imported using the 'esModuleInterop' flag
node_modules/.pnpm/next@16.0.6_@babel+core@7.2_93f69288f48f055a6d20b711204fdcd7/node_modules/next/dist/next-devtools/userspace/pages/pages-dev-overlay-setup.d.ts(1,8): error TS1259: Module '"C:/Users/asnoi/Downloads/team-mang-role-based-auth/node_modules/.pnpm/@types+react@19.2.7/node_modules/@types/react/index"' can only be default-imported using the 'esModuleInterop' flag
node_modules/.pnpm/next@16.0.6_@babel+core@7.2_93f69288f48f055a6d20b711204fdcd7/node_modules/next/dist/server/app-render/entry-base.d.ts(1,114): error TS2307: Cannot find module 'react-server-dom-webpack/server' or its corresponding type declarations.
node_modules/.pnpm/next@16.0.6_@babel+core@7.2_93f69288f48f055a6d20b711204fdcd7/node_modules/next/dist/server/app-render/entry-base.d.ts(2,27): error TS2307: Cannot find module 'react-server-dom-webpack/static' or its corresponding type declarations.
node_modules/.pnpm/next@16.0.6_@babel+core@7.2_93f69288f48f055a6d20b711204fdcd7/node_modules/next/dist/server/web/spec-extension/adapters/headers.d.ts(39,16): error TS2304: Cannot find name 'HeadersIterator'.
node_modules/.pnpm/next@16.0.6_@babel+core@7.2_93f69288f48f055a6d20b711204fdcd7/node_modules/next/dist/server/web/spec-extension/adapters/headers.d.ts(40,13): error TS2304: Cannot find name 'HeadersIterator'.
node_modules/.pnpm/next@16.0.6_@babel+core@7.2_93f69288f48f055a6d20b711204fdcd7/node_modules/next/dist/server/web/spec-extension/adapters/headers.d.ts(41,15): error TS2304: Cannot find name 'HeadersIterator'.
node_modules/.pnpm/next@16.0.6_@babel+core@7.2_93f69288f48f055a6d20b711204fdcd7/node_modules/next/dist/server/web/spec-extension/adapters/headers.d.ts(42,26): error TS2304: Cannot find name 'HeadersIterator'.
node_modules/.pnpm/next@16.0.6_@babel+core@7.2_93f69288f48f055a6d20b711204fdcd7/node_modules/next/dist/shared/lib/app-router-context.shared-runtime.d.ts(4,8): error TS1259: Module '"C:/Users/asnoi/Downloads/team-mang-role-based-auth/node_modules/.pnpm/@types+react@19.2.7/node_modules/@types/react/index"' can only be default-imported using the 'esModuleInterop' flag
node_modules/.pnpm/next@16.0.6_@babel+core@7.2_93f69288f48f055a6d20b711204fdcd7/node_modules/next/dist/shared/lib/app-router-types.d.ts(8,13): error TS1259: Module '"C:/Users/asnoi/Downloads/team-mang-role-based-auth/node_modules/.pnpm/@types+react@19.2.7/node_modules/@types/react/index"' can only be default-imported using the 'esModuleInterop' flag
node_modules/.pnpm/next@16.0.6_@babel+core@7.2_93f69288f48f055a6d20b711204fdcd7/node_modules/next/dist/shared/lib/head-manager-context.shared-runtime.d.ts(1,8): error TS1259: Module '"C:/Users/asnoi/Downloads/team-mang-role-based-auth/node_modules/.pnpm/@types+react@19.2.7/node_modules/@types/react/index"' can only be default-imported using the 'esModuleInterop' flag
node_modules/.pnpm/next@16.0.6_@babel+core@7.2_93f69288f48f055a6d20b711204fdcd7/node_modules/next/dist/shared/lib/image-config-context.shared-runtime.d.ts(1,8): error TS1259: Module '"C:/Users/asnoi/Downloads/team-mang-role-based-auth/node_modules/.pnpm/@types+react@19.2.7/node_modules/@types/react/index"' can only be default-imported using the 'esModuleInterop' flag
node_modules/.pnpm/next@16.0.6_@babel+core@7.2_93f69288f48f055a6d20b711204fdcd7/node_modules/next/dist/shared/lib/loadable-context.shared-runtime.d.ts(1,8): error TS1259: Module '"C:/Users/asnoi/Downloads/team-mang-role-based-auth/node_modules/.pnpm/@types+react@19.2.7/node_modules/@types/react/index"' can only be default-imported using the 'esModuleInterop' flag
node_modules/.pnpm/next@16.0.6_@babel+core@7.2_93f69288f48f055a6d20b711204fdcd7/node_modules/next/dist/shared/lib/loadable.shared-runtime.d.ts(21,8): error TS1259: Module '"C:/Users/asnoi/Downloads/team-mang-role-based-auth/node_modules/.pnpm/@types+react@19.2.7/node_modules/@types/react/index"' can only be default-imported using the 'esModuleInterop' flag
node_modules/.pnpm/next@16.0.6_@babel+core@7.2_93f69288f48f055a6d20b711204fdcd7/node_modules/next/dist/shared/lib/router-context.shared-runtime.d.ts(1,8): error TS1259: Module '"C:/Users/asnoi/Downloads/team-mang-role-based-auth/node_modules/.pnpm/@types+react@19.2.7/node_modules/@types/react/index"' can only be default-imported using the 'esModuleInterop' flag
node_modules/.pnpm/next@16.0.6_@babel+core@7.2_93f69288f48f055a6d20b711204fdcd7/node_modules/next/dist/shared/lib/server-inserted-html.shared-runtime.d.ts(1,8): error TS1259: Module '"C:/Users/asnoi/Downloads/team-mang-role-based-auth/node_modules/.pnpm/@types+react@19.2.7/node_modules/@types/react/index"' can only be default-imported using the 'esModuleInterop' flag
node_modules/.pnpm/next@16.0.6_@babel+core@7.2_93f69288f48f055a6d20b711204fdcd7/node_modules/next/dist/shared/lib/utils.d.ts(10,13): error TS1192: Module '"fs"' has no default export.
